#-----------------------------------------------------------
# Vivado v2024.2 (64-bit)
# SW Build 5239630 on Fri Nov 08 22:35:27 MST 2024
# IP Build 5239520 on Sun Nov 10 16:12:51 MST 2024
# SharedData Build 5239561 on Fri Nov 08 14:39:27 MST 2024
# Start of session at: Tue Jun 17 20:21:47 2025
# Process ID         : 18472
# Current directory  : D:/Projects/Verilog/FFT_Processor_V1.3/FFT_Processor_V1.3.runs/synth_1
# Command line       : vivado.exe -log FFT_Processor_top.vds -product Vivado -mode batch -messageDb vivado.pb -notrace -source FFT_Processor_top.tcl
# Log file           : D:/Projects/Verilog/FFT_Processor_V1.3/FFT_Processor_V1.3.runs/synth_1/FFT_Processor_top.vds
# Journal file       : D:/Projects/Verilog/FFT_Processor_V1.3/FFT_Processor_V1.3.runs/synth_1\vivado.jou
# Running On         : ThinkPad
# Platform           : Windows Server 2016 or Windows 10
# Operating System   : 26100
# Processor Detail   : Intel(R) Core(TM) i7-10510U CPU @ 1.80GHz
# CPU Frequency      : 2304 MHz
# CPU Physical cores : 4
# CPU Logical cores  : 8
# Host memory        : 16980 MB
# Swap memory        : 9126 MB
# Total Virtual      : 26107 MB
# Available Virtual  : 13459 MB
#-----------------------------------------------------------
source FFT_Processor_top.tcl -notrace
